// Vitest Snapshot v1, https://vitest.dev/guide/snapshot.html

exports[`Particle Component: Auth0ProviderWithNavigate > Should match the snapshot 1`] = `<div />`;
