// Vitest Snapshot v1, https://vitest.dev/guide/snapshot.html

exports[`Particle Component: ResponsiveComponent > Should match the snapshot 1`] = `null`;
